[2025-09-25 20:53:43] === Recurring Payments Cron Job Started ===
[2025-09-25 20:53:44] Starting recurring payments processing...
[2025-09-25 20:53:44] SUCCESS: 
[2025-09-25 20:53:44] === Recurring Payments Cron Job Completed ===
[2025-09-25 20:53:44] 
2025-09-26 22:23:14 - Starting recurring payments processing...
2025-09-26 22:23:15 - Application is reachable. Processing payments...
2025-09-26 22:23:22 - API call successful. Response: {"success":true,"message":"Processed 2 subscriptions","processed":2,"successful":1,"failed":1,"results":[{"subscriptionId":"temp_1758887015588_7u2akv0wn","status":"error","error":"invalid BytesLike value (argument=\"value\", value=\"temp_1758887015588_7u2akv0wn\", code=INVALID_ARGUMENT, version=6.15.0)","message":"Payment execution failed"},{"subscriptionId":"0x8dd956bd9037368bef84dd6d9375ee588eef5697fb77b211a91a2dbe0ce872b6","status":"success","txHash":"0x62c1968505da751f0b6a45e7442b5704c2a3f326e1d9e9558870827cec4bd90a","message":"Payment executed successfully"}]}
2025-09-26 22:23:22 - Payments processed successfully
2025-09-26 22:23:22 - Recurring payments processing completed.
2025-09-28 02:14:41 - Starting recurring payments processing...
2025-09-28 02:14:42 - Application is reachable. Processing payments...
2025-09-28 02:14:43 - API call successful. Response: {"success":true,"message":"No subscriptions due for payment","processed":0}
2025-09-28 02:14:43 - Payments processed successfully
2025-09-28 02:14:43 - Recurring payments processing completed.
2025-09-28 02:16:40 - Starting recurring payments processing...
2025-09-28 02:16:41 - Application is reachable. Processing payments...
2025-09-28 02:16:42 - API call successful. Response: {"success":true,"message":"Processed 1 subscriptions","processed":1,"successful":0,"failed":1,"results":[{"subscriptionId":"0x76abbe2843dfcaf74b9f139632fd1235cca188b77fe3c7876b86100580288cb7","status":"error","error":"execution reverted: \"Not authorized\" (action=\"estimateGas\", data=\"0x08c379a00000000000000000000000000000000000000000000000000000000000000020000000000000000000000000000000000000000000000000000000000000000e4e6f7420617574686f72697a6564000000000000000000000000000000000000\", reason=\"Not authorized\", transaction={ \"data\": \"0x418bb26076abbe2843dfcaf74b9f139632fd1235cca188b77fe3c7876b86100580288cb7\", \"from\": \"0x7EE123175E44d0eED5B5fD430288533B999D99B8\", \"to\": \"0xacfDc1080a1D3839767b3714F581994958830754\" }, invocation=null, revert={ \"args\": [ \"Not authorized\" ], \"name\": \"Error\", \"signature\": \"Error(string)\" }, code=CALL_EXCEPTION, version=6.15.0)","message":"Payment execution failed"}]}
2025-09-28 02:16:42 - Payments processed successfully
2025-09-28 02:16:42 - Recurring payments processing completed.
2025-09-28 02:52:58 - Starting recurring payments processing...
2025-09-28 02:52:58 - Application is reachable. Processing payments...
2025-09-28 02:53:03 - API call successful. Response: {"success":true,"message":"Processed 1 subscriptions","processed":1,"successful":0,"failed":1,"results":[{"subscriptionId":"0x76abbe2843dfcaf74b9f139632fd1235cca188b77fe3c7876b86100580288cb7","status":"error","error":"execution reverted: \"Not authorized\" (action=\"estimateGas\", data=\"0x08c379a00000000000000000000000000000000000000000000000000000000000000020000000000000000000000000000000000000000000000000000000000000000e4e6f7420617574686f72697a6564000000000000000000000000000000000000\", reason=\"Not authorized\", transaction={ \"data\": \"0x418bb26076abbe2843dfcaf74b9f139632fd1235cca188b77fe3c7876b86100580288cb7\", \"from\": \"0x7EE123175E44d0eED5B5fD430288533B999D99B8\", \"to\": \"0xacfDc1080a1D3839767b3714F581994958830754\" }, invocation=null, revert={ \"args\": [ \"Not authorized\" ], \"name\": \"Error\", \"signature\": \"Error(string)\" }, code=CALL_EXCEPTION, version=6.15.0)","message":"Payment execution failed"}]}
2025-09-28 02:53:03 - Payments processed successfully
2025-09-28 02:53:03 - Recurring payments processing completed.
2025-09-28 03:07:34 - Starting recurring payments processing...
2025-09-28 03:07:36 - Application is reachable. Processing payments...
2025-09-28 03:07:46 - API call successful. Response: {"success":true,"message":"Processed 1 subscriptions","processed":1,"successful":1,"failed":0,"results":[{"subscriptionId":"0xb4874e32ceb9264ab13d5b842d119ded8e237f47a3f387200a7c058aafa3d925","status":"success","txHash":"0xb8262999851619fe90bc8348aadd526bec3ae125b12e126c0d5442eb1ed0c014","message":"Payment executed successfully"}]}
2025-09-28 03:07:46 - Payments processed successfully
2025-09-28 03:07:46 - Recurring payments processing completed.
2025-09-28 03:12:08 - Starting recurring payments processing...
2025-09-28 03:12:09 - Application is reachable. Processing payments...
2025-09-28 03:12:12 - API call successful. Response: {"success":true,"message":"Processed 1 subscriptions","processed":1,"successful":1,"failed":0,"results":[{"subscriptionId":"0xb4874e32ceb9264ab13d5b842d119ded8e237f47a3f387200a7c058aafa3d925","status":"success","txHash":"0xca457792be51e6de59681c7835e3260de95ea35e6c71adfae7197137245c3c1f","message":"Payment executed successfully"}]}
2025-09-28 03:12:12 - Payments processed successfully
2025-09-28 03:12:12 - Recurring payments processing completed.
